
hackadm103@hack103-pc MINGW64 ~ (master)
$ cd Desktop/

hackadm103@hack103-pc MINGW64 ~/Desktop (master)
$ cd estilizacao/

hackadm103@hack103-pc MINGW64 ~/Desktop/estilizacao (master)
$ git init
Initialized empty Git repository in C:/Users/rackadm103/Desktop/estilizacao/.git                                                                                                                /

hackadm103@hack103-pc MINGW64 ~/Desktop/estilizacao (master)
$ git add .

hackadm103@hack103-pc MINGW64 ~/Desktop/estilizacao (master)
$ git clone https://github.com/estacaohack5/201-uol master
Cloning into 'master'...
remote: Counting objects: 4, done.
remote: Compressing objects: 100% (4/4), done.
remote: Total 4 (delta 0), reused 4 (delta 0), pack-reused 0
Unpacking objects: 100% (4/4), done.

hackadm103@hack103-pc MINGW64 ~/Desktop/estilizacao (master)
$ git status
On branch master

No commits yet

Changes to be committed:
  (use "git rm --cached <file>..." to unstage)

        new file:   div.html
        new file:   estilo.css
        new file:   index.html
        new file:   styles.css

Untracked files:
  (use "git add <file>..." to include in what will be committed)

        master/


hackadm103@hack103-pc MINGW64 ~/Desktop/estilizacao (master)
$ git config user.name "Emerson Henrique"

hackadm103@hack103-pc MINGW64 ~/Desktop/estilizacao (master)
$ git config user.email "emersonhenriquedls@gmail.com"

hackadm103@hack103-pc MINGW64 ~/Desktop/estilizacao (master)
$ git status
On branch master

No commits yet

Changes to be committed:
  (use "git rm --cached <file>..." to unstage)

        new file:   div.html
        new file:   estilo.css
        new file:   index.html
        new file:   styles.css

Untracked files:
  (use "git add <file>..." to include in what will be committed)

        master/


hackadm103@hack103-pc MINGW64 ~/Desktop/estilizacao (master)
$ git commit
[master (root-commit) 28cf945] adicionar html estilo flex box
 4 files changed, 131 insertions(+)
 create mode 100644 div.html
 create mode 100644 estilo.css
 create mode 100644 index.html
 create mode 100644 styles.css

hackadm103@hack103-pc MINGW64 ~/Desktop/estilizacao (master)
$ git push
fatal: No configured push destination.
Either specify the URL from the command-line or configure a remote repository using

    git remote add <name> <url>

and then push using the remote name

    git push <name>


hackadm103@hack103-pc MINGW64 ~/Desktop/estilizacao (master)
$ git push https://github.com/estacaohack5/201-uol master
remote: Permission to estacaohack5/201-uol.git denied to emersonhenrique04.
fatal: unable to access 'https://github.com/estacaohack5/201-uol/': The requested URL returned error: 403

hackadm103@hack103-pc MINGW64 ~/Desktop/estilizacao (master)
$ git push https://github.com/estacaohack5/201-uol master
remote: Permission to estacaohack5/201-uol.git denied to emersonhenrique04.
fatal: unable to access 'https://github.com/estacaohack5/201-uol/': The requested URL returned error: 403

hackadm103@hack103-pc MINGW64 ~/Desktop/estilizacao (master)
$ git config user.name "emerson henrique"

hackadm103@hack103-pc MINGW64 ~/Desktop/estilizacao (master)
$ git config user.email "emersonhenriquedls@gmail.com"

hackadm103@hack103-pc MINGW64 ~/Desktop/estilizacao (master)
$ git push https://github.com/estacaohack5/201-uol master
remote: Permission to estacaohack5/201-uol.git denied to emersonhenrique04.
fatal: unable to access 'https://github.com/estacaohack5/201-uol/': The requested URL returned error: 403

hackadm103@hack103-pc MINGW64 ~/Desktop/estilizacao (master)
$ git init
Reinitialized existing Git repository in C:/Users/rackadm103/Desktop/estilizacao/.git/

hackadm103@hack103-pc MINGW64 ~/Desktop/estilizacao (master)
$ git add remote origin https://github.com/emersonhenrique04/estilizacao-css
fatal: pathspec 'remote' did not match any files

hackadm103@hack103-pc MINGW64 ~/Desktop/estilizacao (master)
$ git remote add origin https://github.com/emersonhenrique04/estilizacao-css

hackadm103@hack103-pc MINGW64 ~/Desktop/estilizacao (master)
$ git status
On branch master
Untracked files:
  (use "git add <file>..." to include in what will be committed)

        master/

nothing added to commit but untracked files present (use "git add" to track)

hackadm103@hack103-pc MINGW64 ~/Desktop/estilizacao (master)
$ git add .
warning: adding embedded git repository: master
hint: You've added another git repository inside your current repository.
hint: Clones of the outer repository will not contain the contents of
hint: the embedded repository and will not know how to obtain it.
hint: If you meant to add a submodule, use:
hint:
hint:   git submodule add <url> master
hint:
hint: If you added this path by mistake, you can remove it from the
hint: index with:
hint:
hint:   git rm --cached master
hint:
hint: See "git help submodule" for more information.

hackadm103@hack103-pc MINGW64 ~/Desktop/estilizacao (master)
$ git status
On branch master
Changes to be committed:
  (use "git reset HEAD <file>..." to unstage)

        new file:   master


hackadm103@hack103-pc MINGW64 ~/Desktop/estilizacao (master)
$ git push
fatal: The current branch master has no upstream branch.
To push the current branch and set the remote as upstream, use

    git push --set-upstream origin master


hackadm103@hack103-pc MINGW64 ~/Desktop/estilizacao (master)
$ git push
fatal: The current branch master has no upstream branch.
To push the current branch and set the remote as upstream, use

    git push --set-upstream origin master


hackadm103@hack103-pc MINGW64 ~/Desktop/estilizacao (master)
$ git push https://github.com/emersonhenrique04/estilizacao-css master
Counting objects: 6, done.
Delta compression using up to 4 threads.
Compressing objects: 100% (6/6), done.
Writing objects: 100% (6/6), 1.54 KiB | 393.00 KiB/s, done.
Total 6 (delta 0), reused 0 (delta 0)
To https://github.com/emersonhenrique04/estilizacao-css
 * [new branch]      master -> master

hackadm103@hack103-pc MINGW64 ~/Desktop/estilizacao (master)
$
